2026-07-24 08:14:44,976 [INFO] Logging to C:\Users\Senthil\paradex-trading-bot\logs\run_20260724T001444Z.log
2026-07-24 08:14:45,582 [INFO] HTTP Request: GET https://api.testnet.paradex.trade/v1/system/config "HTTP/1.1 200 OK"
2026-07-24 08:14:45,584 [INFO] ParadexApiClient: SystemConfig:SystemConfig(starknet_fullnode_rpc_url='https://rpc.api.testnet.paradex.trade/rpc/v0_10', starknet_fullnode_rpc_base_url='https://rpc.api.testnet.paradex.trade', starknet_chain_id='PRIVATE_SN_PARACLEAR_TESTNET', block_explorer_url='https://app.testnet.paradex.trade/explorer', paraclear_address='0x5b0669ad81fa0ddba0f44bd2ca25ce5194ea8f165fd3699b2ffad1a247ab6e5', paraclear_decimals=8, paraclear_account_proxy_hash='0x3530cc4759d78042f1b543bf797f5f3d647cde0388c33734cf91b7f7b9314a9', paraclear_account_hash='0x41cb0280ebadaa75f996d8d92c6f265f6d040bb3ba442e5f86a554f1765244e', oracle_address='0xec612cb3dfba9a93b456a41dae487c6902c2585c3ea3e4ef84287ac1d6203', bridged_tokens=[BridgedToken(name='TEST USDC', symbol='USDC', decimals=6, l1_token_address='0x29A873159D5e14AcBd63913D4A7E2df04570c666', l1_bridge_address='0x84162062CCA7E45466Bf07186450f050AE314aDC', l2_token_address='0x23a50e0cc0f9e128f437a0650dfc922a01403cf1e8c449bc6fdb32fb0805536', l2_bridge_address='0x3a4dd803da5a8a7a0a330868dcd26dca718a1d6f876ab3a55423aed09fd2093'), BridgedToken(name='ETH', symbol='ETH', decimals=18, l1_token_address='0x0000000000000000000000000000000000455448', l1_bridge_address='0x01163d9C1cFCB3D9ab0AB84F02104b751B48639c', l2_token_address='0x79304b2a36f7f8b53fe39d790267480ff270286b1a84277196f3931cb16f0a2', l2_bridge_address='0x7548f8315d345eeb86d7e6e1dc590501cb4cb6f38dc08a51bede508f139ca5'), BridgedToken(name='DIME', symbol='DIME', decimals=18, l1_token_address='0x5F7e11f6f6f01be46ADbbDD75257025bbf5146C6', l1_bridge_address='0x84162062CCA7E45466Bf07186450f050AE314aDC', l2_token_address='0x333b74eff9fb8917cf4b1491f41a4fa2b3c999989507ac9729b44c048f47a66', l2_bridge_address='0x3a4dd803da5a8a7a0a330868dcd26dca718a1d6f876ab3a55423aed09fd2093')], l1_core_contract_address='0x480Ec063442C253834d82fCE71cCD60C2f3df9F4', l1_operator_address='0x11bACdFbBcd3Febe5e8CEAa75E0Ef6444d9B45FB', l1_chain_id='11155111', liquidation_fee='0.5', paraclear_evm_account_hash='0x073414441639dcd11d1846f287650a00c60c416b9d3ba45d31c651672125b2c2', starknet_gateway_url='')
2026-07-24 08:14:45,669 [INFO] HTTP Request: GET https://api.testnet.paradex.trade/v1/system/state "HTTP/1.1 200 OK"
2026-07-24 08:15:13,797 [INFO] HTTP Request: GET https://api.testnet.paradex.trade/v1/bbo/BTC-USD-PERP "HTTP/1.1 200 OK"
2026-07-24 08:15:14,103 [INFO] HTTP Request: GET https://api.testnet.paradex.trade/v1/system/config "HTTP/1.1 200 OK"
2026-07-24 08:15:14,105 [INFO] ParadexApiClient: SystemConfig:SystemConfig(starknet_fullnode_rpc_url='https://rpc.api.testnet.paradex.trade/rpc/v0_10', starknet_fullnode_rpc_base_url='https://rpc.api.testnet.paradex.trade', starknet_chain_id='PRIVATE_SN_PARACLEAR_TESTNET', block_explorer_url='https://app.testnet.paradex.trade/explorer', paraclear_address='0x5b0669ad81fa0ddba0f44bd2ca25ce5194ea8f165fd3699b2ffad1a247ab6e5', paraclear_decimals=8, paraclear_account_proxy_hash='0x3530cc4759d78042f1b543bf797f5f3d647cde0388c33734cf91b7f7b9314a9', paraclear_account_hash='0x41cb0280ebadaa75f996d8d92c6f265f6d040bb3ba442e5f86a554f1765244e', oracle_address='0xec612cb3dfba9a93b456a41dae487c6902c2585c3ea3e4ef84287ac1d6203', bridged_tokens=[BridgedToken(name='TEST USDC', symbol='USDC', decimals=6, l1_token_address='0x29A873159D5e14AcBd63913D4A7E2df04570c666', l1_bridge_address='0x84162062CCA7E45466Bf07186450f050AE314aDC', l2_token_address='0x23a50e0cc0f9e128f437a0650dfc922a01403cf1e8c449bc6fdb32fb0805536', l2_bridge_address='0x3a4dd803da5a8a7a0a330868dcd26dca718a1d6f876ab3a55423aed09fd2093'), BridgedToken(name='ETH', symbol='ETH', decimals=18, l1_token_address='0x0000000000000000000000000000000000455448', l1_bridge_address='0x01163d9C1cFCB3D9ab0AB84F02104b751B48639c', l2_token_address='0x79304b2a36f7f8b53fe39d790267480ff270286b1a84277196f3931cb16f0a2', l2_bridge_address='0x7548f8315d345eeb86d7e6e1dc590501cb4cb6f38dc08a51bede508f139ca5'), BridgedToken(name='DIME', symbol='DIME', decimals=18, l1_token_address='0x5F7e11f6f6f01be46ADbbDD75257025bbf5146C6', l1_bridge_address='0x84162062CCA7E45466Bf07186450f050AE314aDC', l2_token_address='0x333b74eff9fb8917cf4b1491f41a4fa2b3c999989507ac9729b44c048f47a66', l2_bridge_address='0x3a4dd803da5a8a7a0a330868dcd26dca718a1d6f876ab3a55423aed09fd2093')], l1_core_contract_address='0x480Ec063442C253834d82fCE71cCD60C2f3df9F4', l1_operator_address='0x11bACdFbBcd3Febe5e8CEAa75E0Ef6444d9B45FB', l1_chain_id='11155111', liquidation_fee='0.5', paraclear_evm_account_hash='0x073414441639dcd11d1846f287650a00c60c416b9d3ba45d31c651672125b2c2', starknet_gateway_url='')
2026-07-24 08:15:14,208 [INFO] HTTP Request: POST https://api.testnet.paradex.trade/v1/auth/0x355512bacffd591ee8f52264d0c35a334dc7f659fa23e344a3364e9201a8343 "HTTP/1.1 200 OK"
2026-07-24 08:15:14,286 [INFO] HTTP Request: GET https://api.testnet.paradex.trade/v1/account "HTTP/1.1 200 OK"
2026-07-24 08:15:14,370 [INFO] HTTP Request: GET https://api.testnet.paradex.trade/v1/positions "HTTP/1.1 200 OK"
2026-07-24 08:15:14,374 [INFO] WS client disconnected from BTC-USD-PERP feed
2026-07-24 08:15:14,456 [INFO] HTTP Request: GET https://api.testnet.paradex.trade/v1/bbo/BTC-USD-PERP "HTTP/1.1 200 OK"
2026-07-24 08:15:14,531 [INFO] HTTP Request: GET https://api.testnet.paradex.trade/v1/account "HTTP/1.1 200 OK"
2026-07-24 08:15:14,617 [INFO] HTTP Request: GET https://api.testnet.paradex.trade/v1/positions "HTTP/1.1 200 OK"
2026-07-24 08:15:14,694 [INFO] HTTP Request: GET https://api.testnet.paradex.trade/v1/system/state "HTTP/1.1 200 OK"
2026-07-24 08:15:14,699 [INFO] HTTP Request: GET https://api.testnet.paradex.trade/v1/orders?market=BTC-USD-PERP "HTTP/1.1 200 OK"
2026-07-24 08:15:14,774 [INFO] HTTP Request: GET https://api.testnet.paradex.trade/v1/system/state "HTTP/1.1 200 OK"
2026-07-24 08:15:14,775 [INFO] HTTP Request: GET https://api.testnet.paradex.trade/v1/orders?market=BTC-USD-PERP "HTTP/1.1 200 OK"
2026-07-24 08:15:14,922 [INFO] HTTP Request: GET https://api.testnet.paradex.trade/v1/markets/summary?market=BTC-USD-PERP "HTTP/1.1 200 OK"
2026-07-24 08:15:14,925 [INFO] HTTP Request: GET https://api.testnet.paradex.trade/v1/orders-history?page_size=20&market=BTC-USD-PERP "HTTP/1.1 200 OK"
2026-07-24 08:15:14,943 [INFO] HTTP Request: GET https://api.testnet.paradex.trade/v1/fills?page_size=20&market=BTC-USD-PERP "HTTP/1.1 200 OK"
2026-07-24 08:15:15,003 [INFO] HTTP Request: GET https://api.testnet.paradex.trade/v1/orders-history?page_size=20&market=BTC-USD-PERP "HTTP/1.1 200 OK"
2026-07-24 08:15:15,028 [INFO] HTTP Request: GET https://api.testnet.paradex.trade/v1/fills?page_size=20&market=BTC-USD-PERP "HTTP/1.1 200 OK"
2026-07-24 08:15:15,111 [INFO] HTTP Request: GET https://api.testnet.paradex.trade/v1/markets/summary?market=BTC-USD-PERP "HTTP/1.1 200 OK"
2026-07-24 08:15:16,702 [INFO] HTTP Request: GET https://api.testnet.paradex.trade/v1/bbo/BTC-USD-PERP "HTTP/1.1 200 OK"
2026-07-24 08:15:16,775 [INFO] HTTP Request: GET https://api.testnet.paradex.trade/v1/account "HTTP/1.1 200 OK"
2026-07-24 08:15:16,856 [INFO] HTTP Request: GET https://api.testnet.paradex.trade/v1/positions "HTTP/1.1 200 OK"
2026-07-24 08:15:16,857 [INFO] WS client disconnected from BTC-USD-PERP feed
2026-07-24 08:15:52,209 [INFO] HTTP Request: GET https://api.testnet.paradex.trade/v1/system/state "HTTP/1.1 200 OK"
2026-07-24 08:15:52,215 [INFO] HTTP Request: GET https://api.testnet.paradex.trade/v1/orders?market=BTC-USD-PERP "HTTP/1.1 200 OK"
2026-07-24 08:15:52,217 [INFO] HTTP Request: GET https://api.testnet.paradex.trade/v1/orders-history?page_size=20&market=BTC-USD-PERP "HTTP/1.1 200 OK"
2026-07-24 08:15:52,224 [INFO] HTTP Request: GET https://api.testnet.paradex.trade/v1/fills?page_size=20&market=BTC-USD-PERP "HTTP/1.1 200 OK"
2026-07-24 08:15:52,225 [INFO] HTTP Request: GET https://api.testnet.paradex.trade/v1/bbo/BTC-USD-PERP "HTTP/1.1 200 OK"
2026-07-24 08:15:52,288 [INFO] HTTP Request: GET https://api.testnet.paradex.trade/v1/markets/summary?market=BTC-USD-PERP "HTTP/1.1 200 OK"
2026-07-24 08:15:52,302 [INFO] HTTP Request: GET https://api.testnet.paradex.trade/v1/account "HTTP/1.1 200 OK"
2026-07-24 08:15:52,391 [INFO] HTTP Request: GET https://api.testnet.paradex.trade/v1/positions "HTTP/1.1 200 OK"
2026-07-24 08:15:52,503 [INFO] HTTP Request: GET https://api.testnet.paradex.trade/v1/orders-history?page_size=20&market=BTC-USD-PERP "HTTP/1.1 200 OK"
2026-07-24 08:15:52,504 [INFO] HTTP Request: GET https://api.testnet.paradex.trade/v1/markets/summary?market=BTC-USD-PERP "HTTP/1.1 200 OK"
2026-07-24 08:15:52,504 [INFO] HTTP Request: GET https://api.testnet.paradex.trade/v1/orders?market=BTC-USD-PERP "HTTP/1.1 200 OK"
2026-07-24 08:15:52,505 [INFO] HTTP Request: GET https://api.testnet.paradex.trade/v1/system/state "HTTP/1.1 200 OK"
2026-07-24 08:15:52,519 [INFO] HTTP Request: GET https://api.testnet.paradex.trade/v1/fills?page_size=20&market=BTC-USD-PERP "HTTP/1.1 200 OK"
2026-07-24 08:15:53,558 [INFO] HTTP Request: GET https://api.testnet.paradex.trade/v1/markets/summary?market=BTC-USD-PERP "HTTP/1.1 200 OK"
2026-07-24 08:15:53,634 [INFO] HTTP Request: GET https://api.testnet.paradex.trade/v1/markets?market=BTC-USD-PERP "HTTP/1.1 200 OK"
2026-07-24 08:15:53,717 [INFO] HTTP Request: POST https://api.testnet.paradex.trade/v1/orders "HTTP/1.1 201 Created"
2026-07-24 08:15:53,717 [INFO] UI order submitted: {'id': '1784852153690201703978100000', 'account': '0x6e2c83bd987b3a20faf9f20a78a8827db64163f2de42d021c7229212b5c870a', 'market': 'BTC-USD-PERP', 'side': 'BUY', 'type': 'MARKET', 'size': '0.00023', 'remaining_size': '0.00023', 'price': '0', 'status': 'NEW', 'created_at': 1784852153705, 'last_updated_at': 1784852153705, 'timestamp': 1784852153634, 'cancel_reason': '', 'client_id': 'ui_buy_20260724081553634746', 'seq_no': 1784852153705800312, 'instruction': 'IOC', 'avg_fill_price': '', 'stp': 'EXPIRE_TAKER', 'received_at': 1784852153702, 'published_at': 1784852153706, 'flags': ['TARGET_STRATEGY_VWAP'], 'trigger_price': '0'}
2026-07-24 08:15:53,799 [INFO] HTTP Request: GET https://api.testnet.paradex.trade/v1/orders?market=BTC-USD-PERP "HTTP/1.1 200 OK"
2026-07-24 08:15:53,803 [INFO] HTTP Request: GET https://api.testnet.paradex.trade/v1/orders-history?page_size=20&market=BTC-USD-PERP "HTTP/1.1 200 OK"
2026-07-24 08:15:53,803 [INFO] HTTP Request: GET https://api.testnet.paradex.trade/v1/fills?page_size=20&market=BTC-USD-PERP "HTTP/1.1 200 OK"
2026-07-24 08:15:53,853 [INFO] HTTP Request: GET https://api.testnet.paradex.trade/v1/markets/summary?market=BTC-USD-PERP "HTTP/1.1 200 OK"
2026-07-24 08:15:54,475 [INFO] HTTP Request: GET https://api.testnet.paradex.trade/v1/bbo/BTC-USD-PERP "HTTP/1.1 200 OK"
2026-07-24 08:15:54,556 [INFO] HTTP Request: GET https://api.testnet.paradex.trade/v1/account "HTTP/1.1 200 OK"
2026-07-24 08:15:54,639 [INFO] HTTP Request: GET https://api.testnet.paradex.trade/v1/positions "HTTP/1.1 200 OK"
2026-07-24 08:15:55,537 [INFO] HTTP Request: GET https://api.testnet.paradex.trade/v1/positions "HTTP/1.1 200 OK"
2026-07-24 08:15:55,636 [INFO] HTTP Request: POST https://api.testnet.paradex.trade/v1/orders "HTTP/1.1 201 Created"
2026-07-24 08:15:55,637 [INFO] UI close-position order submitted: {'id': '1784852155610201703945910000', 'account': '0x6e2c83bd987b3a20faf9f20a78a8827db64163f2de42d021c7229212b5c870a', 'market': 'BTC-USD-PERP', 'side': 'SELL', 'type': 'MARKET', 'size': '0.00023', 'remaining_size': '0.00023', 'price': '0', 'status': 'NEW', 'created_at': 1784852155622, 'last_updated_at': 1784852155622, 'timestamp': 1784852155538, 'cancel_reason': '', 'client_id': 'ui_close_20260724081555538922', 'seq_no': 1784852155622480099, 'instruction': 'IOC', 'avg_fill_price': '', 'stp': 'EXPIRE_TAKER', 'received_at': 1784852155614, 'published_at': 1784852155624, 'flags': ['REDUCE_ONLY', 'TARGET_STRATEGY_VWAP'], 'trigger_price': '0'}
2026-07-24 08:15:55,716 [INFO] HTTP Request: GET https://api.testnet.paradex.trade/v1/orders?market=BTC-USD-PERP "HTTP/1.1 200 OK"
2026-07-24 08:15:55,719 [INFO] HTTP Request: GET https://api.testnet.paradex.trade/v1/fills?page_size=20&market=BTC-USD-PERP "HTTP/1.1 200 OK"
2026-07-24 08:15:55,723 [INFO] HTTP Request: GET https://api.testnet.paradex.trade/v1/markets/summary?market=BTC-USD-PERP "HTTP/1.1 200 OK"
2026-07-24 08:15:55,725 [INFO] HTTP Request: GET https://api.testnet.paradex.trade/v1/orders-history?page_size=20&market=BTC-USD-PERP "HTTP/1.1 200 OK"
2026-07-24 08:15:56,719 [INFO] HTTP Request: GET https://api.testnet.paradex.trade/v1/bbo/BTC-USD-PERP "HTTP/1.1 200 OK"
2026-07-24 08:15:56,794 [INFO] HTTP Request: GET https://api.testnet.paradex.trade/v1/account "HTTP/1.1 200 OK"
2026-07-24 08:15:56,885 [INFO] HTTP Request: GET https://api.testnet.paradex.trade/v1/positions "HTTP/1.1 200 OK"
2026-07-24 08:15:58,963 [INFO] HTTP Request: GET https://api.testnet.paradex.trade/v1/bbo/BTC-USD-PERP "HTTP/1.1 200 OK"
2026-07-24 08:15:59,041 [INFO] HTTP Request: GET https://api.testnet.paradex.trade/v1/account "HTTP/1.1 200 OK"
2026-07-24 08:15:59,127 [INFO] HTTP Request: GET https://api.testnet.paradex.trade/v1/positions "HTTP/1.1 200 OK"
2026-07-24 08:15:59,128 [INFO] WS client disconnected from BTC-USD-PERP feed
2026-07-24 08:16:53,066 [INFO] HTTP Request: GET https://api.testnet.paradex.trade/v1/system/state "HTTP/1.1 200 OK"
2026-07-24 08:16:53,475 [INFO] HTTP Request: GET https://api.testnet.paradex.trade/v1/account "HTTP/1.1 200 OK"
2026-07-24 08:16:53,668 [INFO] HTTP Request: GET https://api.testnet.paradex.trade/v1/markets/summary?market=BTC-USD-PERP "HTTP/1.1 200 OK"
2026-07-24 08:16:53,759 [INFO] HTTP Request: GET https://api.testnet.paradex.trade/v1/markets?market=BTC-USD-PERP "HTTP/1.1 200 OK"
2026-07-24 08:16:53,883 [INFO] HTTP Request: POST https://api.testnet.paradex.trade/v1/orders "HTTP/1.1 201 Created"
2026-07-24 08:16:53,884 [INFO] UI order submitted: {'id': '1784852213830201703945910000', 'account': '0x6e2c83bd987b3a20faf9f20a78a8827db64163f2de42d021c7229212b5c870a', 'market': 'BTC-USD-PERP', 'side': 'BUY', 'type': 'MARKET', 'size': '0.00023', 'remaining_size': '0.00023', 'price': '0', 'status': 'NEW', 'created_at': 1784852213840, 'last_updated_at': 1784852213840, 'timestamp': 1784852213759, 'cancel_reason': '', 'client_id': 'ui_buy_20260724081653759140', 'seq_no': 1784852213840302901, 'instruction': 'IOC', 'avg_fill_price': '', 'stp': 'EXPIRE_TAKER', 'received_at': 1784852213831, 'published_at': 1784852213842, 'flags': ['TARGET_STRATEGY_VWAP'], 'trigger_price': '0'}
2026-07-24 08:16:55,119 [INFO] HTTP Request: GET https://api.testnet.paradex.trade/v1/positions "HTTP/1.1 200 OK"
2026-07-24 08:16:55,281 [INFO] HTTP Request: GET https://api.testnet.paradex.trade/v1/positions "HTTP/1.1 200 OK"
2026-07-24 08:16:55,373 [INFO] HTTP Request: POST https://api.testnet.paradex.trade/v1/orders "HTTP/1.1 201 Created"
2026-07-24 08:16:55,374 [INFO] UI close-position order submitted: {'id': '1784852215350201703978100000', 'account': '0x6e2c83bd987b3a20faf9f20a78a8827db64163f2de42d021c7229212b5c870a', 'market': 'BTC-USD-PERP', 'side': 'SELL', 'type': 'MARKET', 'size': '0.00023', 'remaining_size': '0.00023', 'price': '0', 'status': 'NEW', 'created_at': 1784852215359, 'last_updated_at': 1784852215359, 'timestamp': 1784852215283, 'cancel_reason': '', 'client_id': 'ui_close_20260724081655283006', 'seq_no': 1784852215359626164, 'instruction': 'IOC', 'avg_fill_price': '', 'stp': 'EXPIRE_TAKER', 'received_at': 1784852215356, 'published_at': 1784852215360, 'flags': ['REDUCE_ONLY', 'TARGET_STRATEGY_VWAP'], 'trigger_price': '0'}
2026-07-24 08:16:56,601 [INFO] HTTP Request: GET https://api.testnet.paradex.trade/v1/positions "HTTP/1.1 200 OK"
2026-07-24 08:18:02,797 [INFO] HTTP Request: GET https://api.testnet.paradex.trade/v1/positions "HTTP/1.1 200 OK"
2026-07-24 08:18:54,400 [INFO] HTTP Request: GET https://api.testnet.paradex.trade/v1/account "HTTP/1.1 200 OK"
2026-07-24 08:19:06,169 [INFO] HTTP Request: GET https://api.testnet.paradex.trade/v1/system/state "HTTP/1.1 200 OK"
